// Jest Snapshot v1, https://goo.gl/fbAQLP

exports[`NFTDescriptor #constructTokenURI gas 1`] = `382375`;
